// Jest Snapshot v1, https://goo.gl/fbAQLP

exports[`DatePicker Component DatePicker => render snapshot Render correctly 1`] = `"<div width=\\"200px\\" class=\\"sc-bdVaJa jINyQf\\"><div class=\\"sc-htpNat kADVfa\\"><input placeholder=\\"dd/mm/aaaa\\" value=\\"\\" class=\\"sc-bxivhb bloEHJ\\"/><div class=\\"sc-bwzfXH emNAgD\\"><div color=\\"#B6B6B6\\" class=\\"sc-jTzLTM cOZrOr\\"><svg xmlns=\\"http://www.w3.org/2000/svg\\" width=\\"24\\" height=\\"24\\" viewBox=\\"0 0 24 24\\" fill=\\"none\\" stroke=\\"currentColor\\" stroke-width=\\"2\\" stroke-linecap=\\"round\\" stroke-linejoin=\\"round\\"><rect x=\\"3\\" y=\\"4\\" width=\\"18\\" height=\\"18\\" rx=\\"2\\" ry=\\"2\\"></rect><line x1=\\"16\\" y1=\\"2\\" x2=\\"16\\" y2=\\"6\\"></line><line x1=\\"8\\" y1=\\"2\\" x2=\\"8\\" y2=\\"6\\"></line><line x1=\\"3\\" y1=\\"10\\" x2=\\"21\\" y2=\\"10\\"></line></svg></div></div></div></div>"`;
