// Jest Snapshot v1, https://goo.gl/fbAQLP

exports[`Button Component Button => render snapshot Render correctly 1`] = `"<button class=\\"c-button sc-bwzfXH bPIpeZ\\">Test</button>"`;
