// Jest Snapshot v1, https://goo.gl/fbAQLP

exports[`TextArea Component TextArea => render snapshot Render correctly 1`] = `"<textarea width=\\"420px\\" class=\\"sc-bdVaJa hCnJxf\\"></textarea>"`;
